
Allocating common symbols
Common symbol       size              file

_SMALL_extraheap2_pa
                    0x8               main.o
_timerShowTextCursor
                    0x4               pit.o
_framepoolBackBuffer3
                    0x8               main.o
_heap_pointer_last_valid
                    0x8               memory.o
_MEDIUM_extraheap2_pa
                    0x8               main.o
_g_backbuffer_va    0x8               main.o
_shared_buffer_terminal_icon
                    0x8               main.o
_blSavedCylinders   0x8               main.o
_g_module_volume_initialized
                    0x4               main.o
_Graphics           0x8               main.o
_framepoolList      0x2000            main.o
_dispatcherType     0x4               main.o
_pci_handler_address
                    0x8               main.o
_WindowServer_virtual_console
                    0x4               main.o
_PS2                0x14              main.o
_dummmmkdsfmsd      0x4               main.o
_PS2MouseDeviceTTY  0x8               main.o
___gpidSecurityServer
                    0x4               main.o
_SMALL_pagedpool_pa
                    0x8               main.o
_g_profiler_ints_irq13
                    0x8               main.o
_g_frontbuffer_va   0x8               main.o
_userconfig_Status  0x4               main.o
_prompt             0x100             main.o
_g_module_debug_initialized
                    0x4               main.o
_threadList         0x2000            main.o
_active_process     0x4               main.o
_pci_device         0x8               main.o
_Windows            0x2000            main.o
_g_module_disk_initialized
                    0x4               main.o
___packed           0x4               main.o
_current_runlevel   0x4               main.o
_search_path_dir_entries
                    0x8               main.o
_kernel_heap_end    0x8               main.o
___gpidInclude      0x4               main.o
_g_currentvolume_fatbits
                    0x4               main.o
_contextRCX         0x8               x64cont.o
_kgws_ws_status     0x4               kgws.o
_scrolllock_status  0x8               main.o
_contextR12         0x8               x64cont.o
_wait_queue         0x8               main.o
_windowzoneStart    0x8               main.o
_mm_used_extraheap1
                    0x8               main.o
_partition          0x8               main.o
_SavedBPP           0x8               main.o
_g_boottime_ide_channel
                    0x4               main.o
___gpidLogoff       0x4               main.o
_g9x14fontAddress   0x8               main.o
_framepoolBackBuffer2
                    0x8               main.o
_task_switch_status
                    0x8               main.o
_ata_record_dev     0x1               main.o
_systemzoneEnd      0x8               main.o
_g_is_qemu          0x4               main.o
_LocalHostHTTPSocket
                    0x8               main.o
_MEDIUM_user_pa     0x8               main.o
_SMALL_user_pa      0x8               main.o
_directory_facility_ProgramsDir
                    0x20              main.o
___gpidSCI          0x4               main.o
_preempted_task     0x8               main.o
_ActiveWindow       0x8               main.o
_mouse_buttom_3     0x4               main.o
_current_screen     0x4               main.o
_screen_height      0x8               screen.o
_capslock_status    0x8               main.o
_KernelArgs         0x20              main.o
_contextFS          0x8               x64cont.o
_contextDS          0x8               x64cont.o
_pcideviceList      0x400             main.o
_memorysizeAvailablePhysicalMemory
                    0x8               main.o
_PS2MouseDeviceObject
                    0x8               main.o
_fullscreen_window  0x4               main.o
_desktopdummmy      0x4               desktop.o
_textcursorStatus   0x4               main.o
_pmiMemoryInfo      0x8               main.o
_mm_used_heappool   0x8               main.o
_current_volume_string
                    0x8               main.o
_mouse_button_action
                    0x4               main.o
_g_module_fs_initialized
                    0x4               main.o
_framepoolBackBuffer4
                    0x8               main.o
_g_driver_hdd_initialized
                    0x4               main.o
_g9x16fontAddress   0x8               main.o
_storage            0x8               main.o
_systemzoneStart    0x8               main.o
_running_tasks      0x8               main.o
_g_extraheap1_size  0x8               main.o
_pciListOffset      0x4               pci.o
_g_device_screen_width
                    0x8               main.o
_InitThread         0x8               main.o
___breaker_com2_initialized
                    0x4               main.o
_extra              0x4               main.o
_g_profiler_ints_irq2
                    0x8               main.o
_fsbFrames          0x2000            main.o
_g_user_space_framepool_index
[...]
Memory Configuration

Name             Origin             Length             Attributes
*default*        0x0000000000000000 0xffffffffffffffff

Linker script and memory map

                0x0000000030001000                . = 0x30001000
                0x0000000030001000                _kernel_begin = .

.text           0x0000000030001000    0x25000
                0x0000000030001000                _code_begin = .
 *(.head_x86_64)
 .head_x86_64   0x0000000030001000     0x1e70 head_64.o
                0x00000000300010f1                _x84_64_initialize_machine
                0x0000000030001130                _idt
                0x0000000030002138                _IDT_register
                0x0000000030002220                _x64_clear_nt_flag
                0x0000000030002234                _gdt_flush
                0x00000000300022de                _setup_system_interrupt
                0x00000000300026ab                _asm_reboot
                0x00000000300026bb                _irq0
                0x000000003000280f                _irq1
                0x0000000030002860                _irq3
                0x00000000300028a2                _irq4
                0x00000000300028e4                _irq7
                0x0000000030002933                _irq8
                0x000000003000297b                _irq9
                0x00000000300029ca                _irq10
                0x0000000030002a19                _nic_handler
                0x0000000030002a58                _irq11
                0x0000000030002aa7                _irq12
                0x0000000030002aef                _irq13
                0x0000000030002b3e                _irq14
                0x0000000030002b8e                _irq15
                0x0000000030002c00                _fault_N0
                0x0000000030002c11                _fault_N1
                0x0000000030002c22                _fault_N2
                0x0000000030002c33                _fault_N3
                0x0000000030002c44                _fault_N4
                0x0000000030002c55                _fault_N5
                0x0000000030002c66                _fault_INTRUCAO_INVALIDA
                0x0000000030002c77                _fault_N7
                0x0000000030002c88                _fault_DOUBLE
                0x0000000030002c99                _fault_N9
                0x0000000030002caa                _fault_N10
                0x0000000030002cbb                _fault_N11
                0x0000000030002ccc                _fault_STACK
                0x0000000030002cdd                _fault_GP
                0x0000000030002cee                _fault_N14
                0x0000000030002cff                _fault_N15
                0x0000000030002d10                _fault_N16
                0x0000000030002d21                _fault_N17
                0x0000000030002d32                _fault_N18
                0x0000000030002d43                _fault_N19
                0x0000000030002d54                _fault_N20
                0x0000000030002d65                _fault_N21
                0x0000000030002d76                _fault_N22
                0x0000000030002d84                _fault_N23
                0x0000000030002d92                _fault_N24
                0x0000000030002da0                _fault_N25
                0x0000000030002dae                _fault_N26
                0x0000000030002dbc                _fault_N27
                0x0000000030002dca                _fault_N28
                0x0000000030002dd8                _fault_N29
                0x0000000030002de6                _fault_N30
                0x0000000030002df4                _fault_N31
                0x0000000030002e16                _save_fault_number
                0x0000000030002e21                _turn_task_switch_on
                0x0000000030002e43                _turn_task_switch_off
                0x0000000030002e66                _int128
 *(.text)
 .text          0x0000000030002e70      0x5a8 main.o
                0x0000000030002e70                _preinit_Globals
                0x0000000030002e7b                _preinit_Serial
                0x0000000030002eaf                _preinit_OutputSupport
                0x0000000030002ecf                _kernel_main
                0x00000000300033c9                _xxxxIRQ0_DEBUG_MESSAGE
                0x00000000300033da                _xxxxIRQ1_DEBUG_MESSAGE
                0x00000000300033ff                _xxxxINT128_DEBUG_MESSAGE
                0x0000000030003410                _early_ring0_IdleThread
 .text          0x0000000030003418      0x70c x64init.o
                0x0000000030003418                _x64init_load_pml4_table
                0x000000003000342a                ___x64StartInit
                0x00000000300035dd                _x64initStartFirstThread
                0x0000000030003860                _x64main
 .text          0x0000000030003b24        0x0 ctype.o
 .text          0x0000000030003b24     0x20ea kstdio.o
                0x0000000030003b24                _input
                0x0000000030003cce                _printchar
                0x0000000030003d11                _putchar
                0x0000000030003d33                _prints
                0x0000000030003e23                _printi
                0x0000000030003f4f                _print
                0x00000000300041e0                _printk_old
                0x000000003000425b                _kinguio_i2hex
                0x000000003000437a                _kinguio_itoa
                0x00000000300044e3                _kinguio_vsprintf
                0x00000000300048a6                _kinguio_puts
                0x00000000300048fd                _kinguio_printf
                0x00000000300049e3                _kputs
                0x0000000030004a07                _sprintf_old
                0x0000000030004a87                _mysprintf
                0x0000000030004b45                _k_ungetc
                0x0000000030004b8f                _k_ftell
                0x0000000030004bc5                _k_fileno
                0x0000000030004be9                _k_fgetc
                0x0000000030004c8e                _k_feof
                0x0000000030004cd2                _k_ferror
                0x0000000030004cf9                _k_fseek
                0x0000000030004ea1                _k_fputc
                0x0000000030004f37                _k_fscanf
                0x0000000030004f94                _k_rewind
                0x0000000030004fbb                _k_fclose
                0x00000000300050a3                _k_fputs
                0x0000000030005141                _k_setbuf
                0x0000000030005191                _k_setbuffer
                0x00000000300051ce                _k_setlinebuf
                0x00000000300051eb                _k_setvbuf
                0x0000000030005234                _regularfile_ioctl
                0x0000000030005258                _stdioInitialize
 .text          0x0000000030005c0e      0x126 stdlib.o
                0x0000000030005c0e                _rand
                0x0000000030005c2f                ___ptsname
                0x0000000030005cac                _kmalloc
                0x0000000030005d07                _kfree
 .text          0x0000000030005d34      0x75a string.o
                0x0000000030005d34                _strcmp
                0x0000000030005dad                _strncmp
                0x0000000030005e1f                _str_cmp
                0x0000000030005eb1                _memcpy
                0x0000000030005f08                _memcpy64
                0x0000000030005f60                _memcpy32
                0x0000000030005fb1                _strcpy
                0x0000000030005fef                _strncpy
                0x000000003000605b                _strcat
                0x000000003000609e                _bcopy
                0x00000000300060dc                _bzero
                0x0000000030006109                _strlen
                0x0000000030006137                _memset
                0x0000000030006187                _strcspn
                0x000000003000623d                _strspn
                0x00000000300062f5                _k_strtok_r
                0x0000000030006404                _k_strtok
                0x000000003000642e                _strdup
 .text          0x000000003000648e      0x1da unistd.o
                0x000000003000648e                ___gethostname
                0x00000000300064ea                ___sethostname
                0x0000000030006554                _fpathconf
                0x0000000030006575                _pathconf
                0x0000000030006597                _sys_lseek
 .text          0x0000000030006668       0xe9 runtime.o
                0x0000000030006668                _init_runtime
                0x00000000300066f7                _Runtime_initialize
 .text          0x0000000030006751      0x275 system.o
                0x0000000030006751                _a_soft_place_to_fall
                0x0000000030006759                _die
                0x0000000030006789                _system_get_pid
                0x00000000300067c7                _systemShutdownViaAPM
                0x00000000300067dd                _systemShutdown
                0x00000000300067fd                _systemShowDevicesInfo
                0x0000000030006809                _systemSetupVersion
                0x00000000300068fe                _systemReboot
                0x0000000030006952                _systemNull
                0x000000003000695d                _init_executive
 .text          0x00000000300069c6        0x0 signal.o
 .text          0x00000000300069c6      0x4d6 init.o
                0x00000000300069c6                _init_globals
                0x0000000030006ba7                _init
 .text          0x0000000030006e9c      0x221 debug.o
                0x0000000030006e9c                _debug_compute_checksum
                0x0000000030006eda                _debug_print
                0x0000000030006f42                _PROGRESS
                0x0000000030006f7e                _debug_check_inicialization
                0x0000000030007031                _debug_check_drivers
                0x000000003000704f                _debug
                0x00000000300070a2                _debug_breakpoint
 .text          0x00000000300070bd       0x64 info.o
                0x00000000300070bd                _info_get_boot_info
 .text          0x0000000030007121      0x186 ports64.o
                0x0000000030007121                _in8
                0x000000003000713b                _in16
                0x0000000030007159                _in32
                0x0000000030007175                _out8
                0x000000003000718c                _out16
                0x00000000300071a5                _out32
                0x00000000300071b9                ___x86_io_delay
                0x00000000300071c4                _wait_ns
                0x00000000300071f7                _portsx86_IN
                0x0000000030007248                _portsx86_OUT
 .text          0x00000000300072a7      0x5ef pit.o
                0x00000000300072a7                _irq0_TIMER
                0x00000000300072b3                _DeviceInterface_PIT
                0x00000000300072ba                _timerTimer
                0x0000000030007307                _timerInit8253
                0x0000000030007374                _set_timeout
                0x000000003000738a                _get_timeout
                0x0000000030007397                _set_quantum
                0x00000000300073ad                _get_quantum
                0x00000000300073ba                _set_current_quantum
                0x00000000300073d0                _get_current_quantum
                0x00000000300073dd                _set_next_quantum
                0x00000000300073f3                _get_next_quantum
                0x0000000030007400                _set_systime_hz
                0x0000000030007416                _get_systime_hz
                0x0000000030007423                _get_systime_ms
                0x0000000030007430                _get_systime_totalticks
                0x000000003000743d                _get_systime_info
                0x0000000030007476                _new_timer_id
                0x00000000300074c0                _timerEnableTextCursor
                0x00000000300074d1                _timerDisableTextCursor
                0x00000000300074e2                _now
                0x00000000300074ed                _sleep
                0x0000000030007529                _timerInit
                0x00000000300075dc                _early_timer_init
                0x000000003000768e                _create_timer
 .text          0x0000000030007896      0x3f6 rtc.o
                0x0000000030007896                _irq8_RTC
                0x00000000300078ac                _DeviceInterface_RTC
                0x00000000300078bd                _read_cmos_bcd
                0x000000003000794d                _get_date
                0x00000000300079a1                _get_time
                0x00000000300079f9                _rtcGetBaseMemory
                0x0000000030007a5e                _rtcGetExtendedMemory
                0x0000000030007ac3                _init_clock
                0x0000000030007b00                _get_cmos_info
 .text          0x0000000030007c8c      0xa23 x64.o
                0x0000000030007c8c                _x64_init_gdt
                0x0000000030007ebd                _set_gdt_entry
                0x00000000300080f3                _x64_load_ltr
                0x0000000030008106                _get_cpu_intel_parameters
                0x0000000030008647                _x64_init_fpu
                0x0000000030008650                _x64_disable_interrupts
                0x0000000030008658                _x64_enable_interrupts
                0x0000000030008660                _x64_iretq
                0x0000000030008669                _x64_iret
                0x0000000030008671                _x64_lret
                0x0000000030008679                _x64_cli_hlt
                0x0000000030008682                _x64_stop_cpu
                0x000000003000868e                _x64_enable_cache
                0x0000000030008695                _x64_init_intel
 .text          0x00000000300086af      0x27f x64info.o
                0x00000000300086af                _x64_info
                0x00000000300086bb                _show_cpu_intel_parameters
 .text          0x000000003000892e      0x16e hal.o
                0x000000003000892e                _hal_set_machine_type
                0x0000000030008944                _hal_get_machine_type
                0x0000000030008951                _hal_reboot
                0x0000000030008971                _hal_shutdown
                0x000000003000898c                _hal_vsync
                0x0000000030008998                _hal_speaker_on
                0x00000000300089d6                _hal_speaker_off
                0x0000000030008a01                _hal_test_speaker
                0x0000000030008a3d                _init_hal
                0x0000000030008a76                _hal_hardware_detect
                0x0000000030008a8b                _init_cpu
 .text          0x0000000030008a9c      0x2a2 detect.o
                0x0000000030008a9c                _detect_IsQEMU
                0x0000000030008b0b                _hal_probe_cpu
                0x0000000030008bea                _hal_probe_processor_type
                0x0000000030008ca1                _cpuHasMSR
                0x0000000030008cf0                _cpuGetMSR
                0x0000000030008d1d                _cpuSetMSR
 .text          0x0000000030008d3e      0x8a8 pci.o
                0x0000000030008d3e                _pciConfigReadByte
                0x0000000030008ddb                _pciConfigReadWord
                0x0000000030008e7b                _pciConfigReadDWord
                0x0000000030008f08                _pciGetBAR
                0x0000000030009016                _pciGetClassCode
                0x0000000030009043                _pciGetHeaderType
                0x0000000030009070                _pciGetInterruptLine
                0x000000003000909d                _pciGetInterruptPin
                0x00000000300090ca                _pciGetSubClass
                0x00000000300090f7                _pciCheckDevice
                0x0000000030009124                _pciCheckVendor
                0x0000000030009151                _init_pci
                0x0000000030009233                _irq_SHARED0
                0x000000003000923a                _irq_SHARED1
                0x0000000030009241                _irq_SHARED2
                0x0000000030009248                _irq_SHARED3
                0x000000003000924f                _pciHandleDevice
 .text          0x00000000300095e6      0x1c8 pciinfo.o
                0x00000000300095e6                _pciInfo
                0x000000003000970d                _pciShowDeviceInfo
 .text          0x00000000300097ae      0x1fe pciscan.o
                0x00000000300097ae                _pci_setup_devices
                0x00000000300098ac                _scan_pci_device_list
                0x000000003000992b                _scan_pci_device_list2
 .text          0x00000000300099ac      0x3be devmgr.o
                0x00000000300099ac                _devmgr_init_device_list
                0x00000000300099f1                _devmgr_show_device_list
                0x0000000030009aa8                _init_device_manager
                0x0000000030009abe                _devmgr_device_object
                0x0000000030009b94                _devmgr_register_device
 .text          0x0000000030009d6a     0x20ba console.o
                0x0000000030009d6a                ___local_ri
                0x0000000030009d71                ___local_gotoxy
                0x0000000030009e15                ___local_save_cur
                0x0000000030009e55                ___local_restore_cur
                0x0000000030009e9d                ___local_insert_line
                0x0000000030009f63                ___local_delete_line
                0x000000003000a01b                _csi_J
                0x000000003000a025                _csi_K
                0x000000003000a02f                _csi_m
                0x000000003000a0c0                _csi_M
                0x000000003000a0cd                _csi_L
                0x000000003000a0da                _console_interrupt
                0x000000003000a152                _console_init_virtual_console
                0x000000003000a584                _console_set_current_virtual_console
                0x000000003000a5b2                _console_get_current_virtual_console
                0x000000003000a5be                _jobcontrol_switch_console
                0x000000003000a5ed                _set_up_cursor
                0x000000003000a642                _get_cursor_x
                0x000000003000a660                _get_cursor_y
                0x000000003000a67e                _console_scroll
                0x000000003000a80c                _console_outbyte
                0x000000003000ad9e                __console_outbyte
                0x000000003000aefe                _console_putchar
                0x000000003000afc8                ___console_write
                0x000000003000b07e                _console_read
                0x000000003000b0a1                _console_write
                0x000000003000b924                ___respond
                0x000000003000b962                ___local_insert_char
                0x000000003000b987                ___local_delete_char
                0x000000003000b9ac                _csi_P
                0x000000003000ba36                _csi_at
                0x000000003000bac0                _VirtualConsole_initialize
                0x000000003000bb2a                _console_ioctl
                0x000000003000bc69                _REFRESH_STREAM
                0x000000003000bd8a                _kclear
                0x000000003000bdfb                _kclearClientArea
 .text          0x000000003000be24     0x104a tty.o
                0x000000003000be24                ___tty_read
                0x000000003000bf63                ___tty_write
                0x000000003000c137                _tty_read
                0x000000003000c233                _tty_write
                0x000000003000c32f                _tty_reset_termios
                0x000000003000c3e5                _tty_create
                0x000000003000c9b3                _file_tty
                0x000000003000c9d6                _tty_flush
                0x000000003000c9ef                _tty_start
                0x000000003000ca29                _tty_stop
                0x000000003000ca64                _tty_delete
                0x000000003000caa6                _tty_gets
                0x000000003000cb0c                _tty_sets
                0x000000003000cbad                _tty_init_module
                0x000000003000cbc2                _tty_ioctl
 .text          0x000000003000ce6e      0x23d video.o
                0x000000003000ce6e                _videoInit
                0x000000003000cf3a                _videoVideo
                0x000000003000cf59                _Video_initialize
                0x000000003000cf8c                _videoGetMode
                0x000000003000cf99                _videoSetMode
                0x000000003000d095                _videoSetupCGAStartAddress
 .text          0x000000003000d0ab       0xb9 vsync.o
                0x000000003000d0ab                _vsync
                0x000000003000d13e                _vsync_inb
 .text          0x000000003000d164      0x208 screen.o
                0x000000003000d164                _screenGetWidth
                0x000000003000d171                _screenGetHeight
                0x000000003000d17e                _screenSetSize
                0x000000003000d1a3                _refresh_screen
                0x000000003000d270                _screenInit
 .text          0x000000003000d36c      0x313 serial.o
                0x000000003000d36c                _serial1_handler
                0x000000003000d37d                _serial2_handler
                0x000000003000d38e                _serial3_handler
                0x000000003000d39f                _serial4_handler
                0x000000003000d3b0                _serial_in
                0x000000003000d3d2                _serial_out
                0x000000003000d3ff                _serial_init_port
                0x000000003000d4cb                _serial_init
                0x000000003000d549                _serial_read_char
                0x000000003000d578                _serial_write_char
                0x000000003000d5b6                _serial_print
                0x000000003000d60a                _debug_print_string
                0x000000003000d65b                _serial_ioctl
 .text          0x000000003000d67f      0xa95 storage.o
                0x000000003000d67f                _disk_init
                0x000000003000d838                _diskShowDiskInfo
                0x000000003000d94d                _diskShowCurrentDiskInfo
                0x000000003000d984                _disk_show_info
                0x000000003000dafd                _disk_get_disk_handle
                0x000000003000db29                _volume_init
                0x000000003000df06                _volumeShowVolumeInfo
                0x000000003000e07a                _volume_show_info
                0x000000003000e0bd                _volume_get_volume_handle
                0x000000003000e0e9                _volume_get_current_volume_info
 .text          0x000000003000e114     0x1732 ata.o
                0x000000003000e114                _ata_wait
                0x000000003000e157                _ata_delay
                0x000000003000e181                ___local_io_delay
                0x000000003000e18c                _ata_status_read
                0x000000003000e1a2                _ata_cmd_write
                0x000000003000e1d7                _ata_soft_reset
                0x000000003000e225                _ata_wait_drq
                0x000000003000e257                _ata_wait_no_drq
                0x000000003000e289                _ata_wait_busy
                0x000000003000e2b5                _ata_wait_not_busy
                0x000000003000e2e1                _set_ata_addr
                0x000000003000e34d                _ata_assert_dever
                0x000000003000e3ee                _ata_pio_read
                0x000000003000e41b                _ata_pio_write
                0x000000003000e448                _ata_get_current_ide_channel
                0x000000003000e454                _ata_get_current_ide_device
                0x000000003000e460                _ata_set_current_ide_channel
                0x000000003000e473                _ata_set_current_ide_device
                0x000000003000e486                _ata_get_boottime_ide_channel
                0x000000003000e492                _ata_get_boottime_ide_device
                0x000000003000e49e                _ata_set_boottime_ide_channel
                0x000000003000e4b1                _ata_set_boottime_ide_device
                0x000000003000e4c4                _ata_ioctl
                0x000000003000e4e8                _ata_initialize
                0x000000003000e924                _ide_identify_device
                0x000000003000f0ca                _ide_dev_init
                0x000000003000f58e                _ide_mass_storage_initialize
                0x000000003000f6e4                _nport_ajuste
                0x000000003000f73e                _show_ide_info
 .text          0x000000003000f846      0x192 atadma.o
                0x000000003000f846                _ide_dma_start
                0x000000003000f87a                _ide_dma_stop
                0x000000003000f8df                _ide_dma_read_status
                0x000000003000f8f8                _ide_dma_data
 .text          0x000000003000f9d8      0x4c1 atahdd.o
                0x000000003000f9d8                _hdd_ata_status_read
                0x000000003000fa19                _hdd_ata_wait_not_busy
                0x000000003000fa56                _hdd_ata_cmd_write
                0x000000003000fab9                _hdd_ata_wait_no_drq
                0x000000003000fb3b                _hdd_ata_pio_write
                0x000000003000fb7a                _pio_rw_sector
                0x000000003000fdfe                _my_read_hd_sector
                0x000000003000fe41                _my_write_hd_sector
                0x000000003000fe84                _init_hdd
 .text          0x000000003000fe99       0x62 atainit.o
                0x000000003000fe99                _ataDialog
 .text          0x000000003000fefb      0x1a4 atairq.o
                0x000000003000fefb                _DeviceInterface_PrimaryIDE
                0x000000003000ff2b                _DeviceInterface_SecondaryIDE
                0x000000003000ff5b                _irq14_PRIMARY_IDE
                0x000000003000ff6c                _irq15_SECONDARY_IDE
                0x000000003000ff7d                _disk_get_ata_irq_invoked
                0x000000003000ff8a                _disk_reset_ata_irq_invoked
                0x000000003000ff9c                _ata_wait_irq
                0x000000003001001b                _disk_ata_wait_irq
 .text          0x000000003001009f      0xb43 atapci.o
                0x000000003001009f                _diskReadPCIConfigAddr
                0x0000000030010101                _diskWritePCIConfigAddr
                0x000000003001016d                _diskPCIScanDevice
                0x000000003001029b                _diskATAPCIConfigurationSpace
 .text          0x0000000030010be2      0x5a1 i8042.o
                0x0000000030010be2                _I8042Controller_do_drain
                0x0000000030010c15                _kbdc_wait
                0x0000000030010c68                _prepare_for_input
                0x0000000030010c79                _prepare_for_output
                0x0000000030010c8a                _wait_then_read
                0x0000000030010ca6                _wait_then_write
                0x0000000030010cce                _PS2_initialize
                0x0000000030010ce3                _PS2_early_initialization
                0x0000000030010cf8                _ps2_ioctl
                0x0000000030010d1c                _ps2
                0x0000000030011048                _early_ps2_init
 .text          0x0000000030011183      0x4e3 ps2kbd.o
                0x0000000030011183                _ps2kbd_initialize_device
                0x0000000030011194                _DeviceInterface_PS2Keyboard
                0x00000000300113ae                _ldisc_init_modifier_keys
                0x00000000300113e1                _ldisc_init_lock_keys
                0x0000000030011409                _keyboardDisable
                0x0000000030011434                _keyboardEnable
                0x000000003001145f                _keyboard_set_leds
                0x00000000300114cf                _keyboardGetKeyState
                0x00000000300115d2                _get_alt_status
                0x00000000300115df                _get_ctrl_status
                0x00000000300115ec                _get_shift_status
                0x00000000300115f9                _xxx_keyboard_read
                0x000000003001162d                _xxx_keyboard_write
 .text          0x0000000030011666       0x11 ps2mouse.o
                0x0000000030011666                _ps2mouse_initialize_device
 .text          0x0000000030011677       0x4a keyboard.o
                0x0000000030011677                _irq1_KEYBOARD
 .text          0x00000000300116c1        0x7 mouse.o
                0x00000000300116c1                _irq12_MOUSE
 .text          0x00000000300116c8      0x105 font.o
                0x00000000300116c8                _gwsGetCurrentFontCharWidth
                0x00000000300116d3                _gwsSetCurrentFontCharWidth
                0x00000000300116eb                _gwsGetCurrentFontCharHeight
                0x00000000300116f6                _gwsSetCurrentFontCharHeight
                0x000000003001170e                _gwsGetCurrentFontAddress
                0x000000003001171b                _gwsSetCurrentFontAddress
                0x0000000030011731                _gwsInstallFont
 .text          0x00000000300117cd     0x395a fs.o
                0x00000000300117cd                _get_free_slots_in_the_file_table
                0x0000000030011830                _get_free_slots_in_the_inode_table
                0x0000000030011893                _from_FAT_name
                0x0000000030011a4b                _to_FAT_name
                0x0000000030011ba1                _get_filesystem_type
                0x0000000030011bad                _set_filesystem_type
                0x0000000030011bc0                _fs_count_path_levels
                0x0000000030011c3d                _get_file
                0x0000000030011c60                _set_file
                0x0000000030011c91                _fsInit
                0x0000000030012113                _init_directory_facilities
                0x0000000030012209                _fat16Init
                0x0000000030012250                _fs_init_structures
                0x00000000300123e3                _fs_init_fat
                0x00000000300124a1                _file_close
                0x00000000300124be                _file_get_len
                0x00000000300124e9                _file_inode
                0x000000003001250c                _file_truncate
                0x0000000030012547                _fsCheckELFFile
                0x00000000300125be                _fsFAT16ListFiles
                0x00000000300126f9                _fsInitializeWorkingDiretoryString
                0x0000000030012899                _fsInitTargetDir
                0x000000003001296f                _fsList
                0x0000000030012ab8                _fsListFiles
                0x0000000030012b44                _fsRootDirGetFileSize
                0x0000000030012d4e                _fsLoadFile
                0x000000003001325e                _fsLoadFile2
                0x0000000030013305                _fsLoadFileFromCurrentTargetDir
                0x00000000300133f7                _fsUpdateWorkingDiretoryString
                0x0000000030013590                _fs_fat16_cache_not_saved
                0x00000000300135a1                _fs_fntos
                0x0000000030013747                _fs_get_free_fd_from_pid
                0x00000000300137fe                _fs_initialize_process_cwd
                0x00000000300138f5                _fs_load_path
                0x0000000030013d45                _fs_pathname_backup
                0x0000000030013eba                _fs_print_process_cwd
                0x0000000030013fbd                _fs_show_file_info
                0x0000000030014011                _fs_show_file_table
                0x000000003001406e                _fs_show_inode_info
                0x00000000300140c2                _fs_show_inode_table
                0x0000000030014137                _fs_show_root_fs_info
                0x0000000030014269                _sys_pwd
                0x0000000030014296                _fsSaveFile
                0x00000000300147f0                _sys_write_file_to_disk
                0x000000003001489a                _sys_read_file_from_disk
                0x0000000030014e97                _sys_create_empty_file
                0x0000000030014f71                _sys_create_empty_directory
                0x000000003001504b                _set_global_open_file
                0x000000003001507c                _get_global_open_file
                0x000000003001509f                _sys_cd_command
 .text          0x0000000030015127      0x222 network.o
                0x0000000030015127                _network_buffer_in
                0x000000003001521a                _network_buffer_out
                0x0000000030015307                _networkSetstatus
                0x0000000030015328                _networkGetStatus
                0x0000000030015334                _networkInit
 .text          0x0000000030015349     0x2452 socket.o
                0x0000000030015349                _create_socket_object
                0x0000000030015470                _getSocketIP
                0x0000000030015490                _getSocketPort
                0x00000000300154b3                _get_socket_from_fd
                0x0000000030015521                _is_socket
                0x0000000030015550                _is_virtual_console
                0x000000003001557f                _show_socket_for_a_process
                0x00000000300156ae                _socket_gramado
                0x0000000030015a3a                _socket_inet
                0x0000000030015daf                _socket_init
                0x0000000030015de5                _socket_ioctl
                0x0000000030015f4f                _socket_read
                0x0000000030015f72                _socket_write
                0x0000000030015f95                _socket_set_gramado_port
                0x0000000030015fed                _socket_unix
                0x000000003001636c                _sys_accept
                0x00000000300165ed                _sys_bind
                0x0000000030016845                _sys_connect
                0x0000000030016e70                _sys_getsockname
                0x000000003001702d                _sys_listen
                0x0000000030017204                _sys_socket_shutdown
                0x0000000030017357                _update_socket
                0x0000000030017396                _sys_socket
                0x0000000030017643                _sock_socketpair
                0x00000000300176f9                _socket_dialog
 .text          0x000000003001779b      0xa1e pipe.o
                0x000000003001779b                _sys_dup
                0x000000003001798d                _sys_dup2
                0x0000000030017b07                _sys_dup3
                0x0000000030017c84                _sys_pipe
                0x000000003001812d                _sys_read_pipe
                0x0000000030018150                _sys_write_pipe
                0x0000000030018173                _pipe_ioctl
 .text          0x00000000300181b9      0x4b0 search.o
                0x00000000300181b9                _search_in_dir
                0x0000000030018408                _search_in_root
                0x000000003001845b                _fs_find_n_empty_entries
                0x00000000300184de                _findEmptyDirectoryEntry
                0x000000003001854b                _fsSearchFile
                0x000000003001856f                _fs_find_empty_entry
                0x000000003001858c                _search_path_in_the_inode_table
 .text          0x0000000030018669      0x2be disk_r.o
                0x0000000030018669                ___load_sequential_sectors
                0x00000000300186e8                _fatClustToSect
                0x000000003001871c                _read_lba
                0x0000000030018784                _fatLoadCluster
                0x00000000300187de                _fs_load_fat
                0x0000000030018864                _fs_load_metafile
                0x00000000300188c1                _fs_load_rootdir
 .text          0x0000000030018927      0x2b2 disk_w.o
                0x0000000030018927                _write_lba
                0x00000000300189b7                _fatWriteCluster
                0x0000000030018a23                _fs_save_fat
                0x0000000030018b0d                _fs_save_rootdir
 .text          0x0000000030018bd9      0xd5d sys.o
                0x0000000030018bd9                _file_read_buffer
                0x0000000030018de0                _file_write_buffer
                0x00000000300190f2                _sys_close
                0x00000000300193c5                _sys_exit_thread
                0x00000000300193e5                _sys_fcntl
                0x000000003001951f                _sys_get_file_size
                0x000000003001957d                _sys_get_file_sync
                0x0000000030019674                _sys_getpid
                0x0000000030019680                _sys_getppid
                0x00000000300196f6                _sys_initialize_component
                0x0000000030019729                _sys_open
                0x0000000030019786                _sys_reboot
                0x00000000300197e7                _sys_serial_debug_printk
                0x0000000030019806                _sys_set_file_sync
                0x00000000300198e6                _sys_show_system_info
                0x000000003001992a                _sys_vsync
 .text          0x0000000030019936      0x1b5 io.o
                0x0000000030019936                _ioInit
                0x0000000030019954                _io_ioctl
 .text          0x0000000030019aeb       0xf6 ws.o
                0x0000000030019aeb                _ws_init
                0x0000000030019b41                _ws_ioctl
                0x0000000030019b65                _ws_show_info
 .text          0x0000000030019be1      0x117 pixel.o
                0x0000000030019be1                _backbuffer_putpixel
 .text          0x0000000030019cf8       0x8f bg.o
                0x0000000030019cf8                _backgroundDraw
                0x0000000030019d63                _Background_initialize
 .text          0x0000000030019d87      0x32d char.o
                0x0000000030019d87                _set_char_width
                0x0000000030019d9a                _set_char_height
                0x0000000030019dad                _get_char_width
                0x0000000030019db9                _get_char_height
                0x0000000030019dc5                _d_draw_char
                0x0000000030019f34                _d_drawchar_transparent
 .text          0x000000003001a0b4      0x118 dtext.o
                0x000000003001a0b4                _draw_string
                0x000000003001a139                _x_panic
                0x000000003001a1c1                _xxxDrawString
 .text          0x000000003001a1cc       0x4e line.o
                0x000000003001a1cc                _my_buffer_horizontal_line
 .text          0x000000003001a21a      0x779 rect.o
                0x000000003001a21a                _drawDataRectangle
                0x000000003001a3ed                _refresh_rectangle
                0x000000003001a5dd                _refresh_rectangle2
                0x000000003001a77f                _scroll_screen_rect
                0x000000003001a91a                _rectStrCopyMemory32
 .text          0x000000003001a993      0x12e kgws.o
                0x000000003001a993                _kgws_enable
                0x000000003001a9cc                _kgws_disable
                0x000000003001aa05                _KGWS_initialize
                0x000000003001aa1a                _kgwsRegisterWindowServer
                0x000000003001aa6b                _register_ws_process
 .text          0x000000003001aac1       0x15 kgwm.o
                0x000000003001aac1                _init_gramado
 .text          0x000000003001aad6        0x0 vt.o
 .text          0x000000003001aad6        0x0 desktop.o
 .text          0x000000003001aad6        0x0 room.o
 .text          0x000000003001aad6        0x0 usession.o
 .text          0x000000003001aad6       0xd7 logon.o
                0x000000003001aad6                _init_logon_manager
 .text          0x000000003001abad       0x64 logoff.o
                0x000000003001abad                _init_logoff
                0x000000003001abbb                _register_logoff_process
 .text          0x000000003001ac11      0x2f8 userenv.o
                0x000000003001ac11                _GetCurrentGroupId
                0x000000003001ac1d                _GetCurrentUserId
                0x000000003001ac29                _SetCurrentUserId
                0x000000003001ac5c                _is_superuser
                0x000000003001ac87                ___getusername
                0x000000003001acfe                ___setusername
                0x000000003001ad83                _CreateUser
 .text          0x000000003001af09      0x64b ts.o
                0x000000003001af09                _task_switch
                0x000000003001b48a                _psTaskSwitch
                0x000000003001b4fc                _get_task_status
                0x000000003001b509                _set_task_status
                0x000000003001b51f                _taskswitch_lock
                0x000000003001b531                _taskswitch_unlock
                0x000000003001b543                _tsCallExtraRoutines
 .text          0x000000003001b554      0x20c dispatch.o
                0x000000003001b554                _IncrementDispatcherCount
                0x000000003001b647                _dispatcher
 .text          0x000000003001b760       0x67 spawn.o
                0x000000003001b760                _spawn_thread
                0x000000003001b778                _KiSpawnThread
 .text          0x000000003001b7c7      0x842 x64cont.o
                0x000000003001b7c7                _save_current_context
                0x000000003001bb80                _restore_current_context
                0x000000003001bf50                _contextCheckThreadRing3Context
 .text          0x000000003001c009      0x240 x64fault.o
                0x000000003001c009                _faults
 .text          0x000000003001c249      0x250 sched.o
                0x000000003001c249                _scheduler
                0x000000003001c452                _scheduler_lock
                0x000000003001c464                _scheduler_unlock
                0x000000003001c476                _scheduler_get_status
                0x000000003001c483                _init_scheduler
 .text          0x000000003001c499      0x806 schedi.o
                0x000000003001c499                _KiScheduler
                0x000000003001c528                _do_thread_blocked
                0x000000003001c566                _do_thread_dead
                0x000000003001c5a4                _do_thread_initialized
                0x000000003001c5e2                _do_thread_ready
                0x000000003001c620                _do_thread_running
                0x000000003001c678                _do_thread_standby
                0x000000003001c6b6                _do_thread_waiting
                0x000000003001c6f4                _do_thread_zombie
                0x000000003001c73b                _do_waitpid
                0x000000003001c7f0                _get_current
                0x000000003001c7fc                _set_current
                0x000000003001c82e                _wait_for_a_reason
                0x000000003001c924                _wakeup_thread_reason
                0x000000003001cac2                _wakeup_scan_thread_reason
                0x000000003001cb43                _wakeup_thread
                0x000000003001cba9                _yield
                0x000000003001cc01                _check_for_standby
 .text          0x000000003001cc9f     0x1b27 process.o
                0x000000003001cc9f                ___GetProcessStats
                0x000000003001d010                _getprocessname
                0x000000003001d0b8                _processObject
                0x000000003001d0ea                _getNewPID
                0x000000003001d136                _processTesting
                0x000000003001d184                _processSendSignal
                0x000000003001d1c2                _init_processes
                0x000000003001d223                _CloseAllProcesses
                0x000000003001d2c3                _show_currentprocess_info
                0x000000003001d3e9                _show_process_information
                0x000000003001d581                _create_process
                0x000000003001dcce                _GetProcessPML4_PA
                0x000000003001dcf1                _GetProcessPML4_VA
                0x000000003001dd14                _GetProcessHeapStart
                0x000000003001dd74                _SetProcessPML4_VA
                0x000000003001dd99                _SetProcessPML4_PA
                0x000000003001ddbe                _get_caller_process_id
                0x000000003001ddca                _set_caller_process_id
                0x000000003001dddd                _init_process_manager
                0x000000003001ddfc                _processCopyMemory
                0x000000003001df72                _processCopyProcess
                0x000000003001e5fa                _process_close_gate
                0x000000003001e668                _process_open_gate
                0x000000003001e6d5                _process_get_file_from_pid
                0x000000003001e71f                _process_get_file
                0x000000003001e74b                _process_get_tty
 .text          0x000000003001e7c6     0x17d4 thread.o
                0x000000003001e7c6                ___GetThreadStats
                0x000000003001eabf                _getthreadname
                0x000000003001eb46                _FindReadyThread
                0x000000003001ebac                _GetThreadState
                0x000000003001ebcb                _GetThreadType
                0x000000003001ebea                _init_threads
                0x000000003001ec85                _GetCurrentThreadId
                0x000000003001ec91                _GetCurrentThread
                0x000000003001ecdb                _SelectForExecution
                0x000000003001ed22                _thread_show_profiler_info
                0x000000003001edd7                _thread_get_profiler_percentage
                0x000000003001ee06                _show_thread_information
                0x000000003001ef0c                _thread_profiler
                0x000000003001f0e9                _create_thread
                0x000000003001f822                _exit_thread
                0x000000003001f97e                _exit_current_thread
                0x000000003001f992                _threadCopyThread
                0x000000003001ff85                _thread_getchar
 .text          0x000000003001ff9a      0x7c9 threadi.o
                0x000000003001ff9a                _show_slot
                0x00000000300200c0                _show_slots
                0x0000000030020137                _show_reg
                0x0000000030020283                _set_thread_priority
                0x000000003002038f                _threadi_power
                0x00000000300203eb                _release
                0x000000003002043d                _SetThread_PML4PA
                0x0000000030020464                _check_for_dead_thread_collector
                0x0000000030020483                _dead_thread_collector
                0x00000000300205b8                _kill_thread
                0x0000000030020734                _kill_all_threads
 .text          0x0000000030020763      0xc3d create.o
                0x0000000030020763                _create_CreateEarlyRing0IdleThread
                0x0000000030020d8a                _create_CreateRing3InitThread
 .text          0x00000000300213a0     0x135c queue.o
                0x00000000300213a0                _init_queue
                0x0000000030021870                _queue_insert_data
                0x0000000030021dd0                _queue_get_data
                0x0000000030022174                _queue_insert_head
                0x000000003002238b                _ScanReadyQueue
                0x000000003002245f                _feed_ready_queue
                0x000000003002265b                _show_queue_information
 .text          0x00000000300226fc      0x320 mk.o
                0x00000000300226fc                _init_microkernel
                0x0000000030022815                _jobcheck
                0x00000000300228f1                _jobcontrol
 .text          0x0000000030022a1c      0x674 memory.o
                0x0000000030022a1c                _init_heap
                0x0000000030022b48                _init_stack
                0x0000000030022ba5                _kernel_gc
                0x0000000030022bb0                _memory_create_new_head
                0x0000000030022bc3                _memory_destroy_heap
                0x0000000030022bce                _mmInit
                0x0000000030022c6d                _heapAllocateMemory
                0x0000000030022ebd                _FreeHeap
                0x0000000030022fcc                _get_process_heap_pointer
 .text          0x0000000030023090      0x905 mminfo.o
                0x0000000030023090                _mmShow_PML4Entry
                0x00000000300230b4                _memoryShowMemoryInfo
                0x000000003002380f                _mmShowPML4EntryForAllProcesses
                0x000000003002386d                _showFreepagedMemory
                0x00000000300238f4                _show_memory_structs
                0x000000003002398e                _testingPageAlloc
 .text          0x0000000030023995      0x5d7 mmpool.o
                0x0000000030023995                _page
                0x0000000030023a5e                _newPage
                0x0000000030023bc6                _mm_alloc_single_page
                0x0000000030023bd1                _mm_alloc_contig_pages
                0x0000000030023c02                _firstSlotForAList
                0x0000000030023c76                _allocPages
                0x0000000030023ec1                _initializeFramesAlloc
 .text          0x0000000030023f6c      0xe9b pages.o
                0x0000000030023f6c                _get_new_frame
                0x0000000030024003                _get_table_pointer
                0x000000003002404c                _CloneKernelPML4
                0x00000000300240db                _clone_pml4
                0x0000000030024181                _initialize_frame_table
                0x000000003002427d                _pEmpty
                0x0000000030024292                _freePage
                0x00000000300242cb                _notfreePage
                0x0000000030024304                _virtual_to_physical
                0x0000000030024329                _virtual_to_physical2
                0x0000000030024501                _pages_calc_mem
                0x00000000300246ec                _load_pml4_table
                0x00000000300246fe                _enable_pae
                0x000000003002470e                _page_enable
                0x0000000030024720                _mmSetUpPaging
 .text          0x0000000030024e07       0x90 panic.o
                0x0000000030024e07                _panic
 .text          0x0000000030024e97        0x0 reboot.o
 .text          0x0000000030024e97      0x3f3 request.o
                0x0000000030024e97                _clear_request
                0x0000000030024f33                _create_request
                0x0000000030025021                _request
 .text          0x000000003002528a        0x0 sci.o
                0x0000000030026000                . = ALIGN (0x1000)
 *fill*         0x000000003002528a      0xd76 
                0x0000000030026000                _code_end = .

.iplt           0x0000000030026000        0x0
 .iplt          0x0000000030026000        0x0 head_64.o

.rodata         0x0000000030026000     0xd000
                0x0000000030026000                _rodata_begin = .
 *(.rdata)
 *(.rodata)
 .rodata        0x0000000030026000      0x39b main.o
 *fill*         0x000000003002639b        0x5 
 .rodata        0x00000000300263a0      0x52c x64init.o
 *fill*         0x00000000300268cc       0x14 
 .rodata        0x00000000300268e0      0x120 ctype.o
                0x0000000030026900                __ctype
 .rodata        0x0000000030026a00      0x425 kstdio.o
 .rodata        0x0000000030026e25       0x3b stdlib.o
 .rodata        0x0000000030026e60       0x11 string.o
 *fill*         0x0000000030026e71        0x7 
 .rodata        0x0000000030026e78       0xb2 unistd.o
 *fill*         0x0000000030026f2a        0x6 
 .rodata        0x0000000030026f30      0x1c3 runtime.o
 *fill*         0x00000000300270f3        0x5 
 .rodata        0x00000000300270f8      0x140 system.o
 .rodata        0x0000000030027238       0x11 signal.o
 *fill*         0x0000000030027249        0x7 
 .rodata        0x0000000030027250      0x39f init.o
 *fill*         0x00000000300275ef        0x1 
 .rodata        0x00000000300275f0      0x141 debug.o
 *fill*         0x0000000030027731        0x7 
 .rodata        0x0000000030027738       0x68 info.o
 .rodata        0x00000000300277a0       0x11 ports64.o
 .rodata        0x00000000300277b1       0xfc pit.o
 .rodata        0x00000000300278ad       0x93 rtc.o
 .rodata        0x0000000030027940       0xde x64.o
 *fill*         0x0000000030027a1e        0x2 
 .rodata        0x0000000030027a20      0x300 x64info.o
 .rodata        0x0000000030027d20       0x82 hal.o
 *fill*         0x0000000030027da2        0x6 
 .rodata        0x0000000030027da8       0xb8 detect.o
                0x0000000030027e58                _CPUID_FLAG_MSR
 .rodata        0x0000000030027e60      0x5b5 pci.o
 *fill*         0x0000000030028415        0x3 
 .rodata        0x0000000030028418      0x261 pciinfo.o
 .rodata        0x0000000030028679       0x4b pciscan.o
 *fill*         0x00000000300286c4        0x4 
 .rodata        0x00000000300286c8      0x28b devmgr.o
 *fill*         0x0000000030028953        0x5 
 .rodata        0x0000000030028958      0x864 console.o
 *fill*         0x00000000300291bc        0x4 
 .rodata        0x00000000300291c0      0x626 tty.o
 *fill*         0x00000000300297e6        0x2 
 .rodata        0x00000000300297e8       0x98 video.o
 .rodata        0x0000000030029880       0x11 vsync.o
 *fill*         0x0000000030029891        0x7 
 .rodata        0x0000000030029898       0xb9 screen.o
 .rodata        0x0000000030029951       0x6f serial.o
 .rodata        0x00000000300299c0      0x268 storage.o
 .rodata        0x0000000030029c28      0x42e ata.o
 .rodata        0x000000003002a056       0x11 atadma.o
 *fill*         0x000000003002a067        0x1 
 .rodata        0x000000003002a068       0xb1 atahdd.o
 .rodata        0x000000003002a119       0x40 atainit.o
 .rodata        0x000000003002a159       0x3b atairq.o
 *fill*         0x000000003002a194        0x4 
 .rodata        0x000000003002a198      0x359 atapci.o
 *fill*         0x000000003002a4f1        0x7 
 .rodata        0x000000003002a4f8      0x170 i8042.o
 .rodata        0x000000003002a668      0x10d ps2kbd.o
 *fill*         0x000000003002a775        0x3 
 .rodata        0x000000003002a778       0x3c ps2mouse.o
 .rodata        0x000000003002a7b4       0x28 keyboard.o
 .rodata        0x000000003002a7dc       0x11 mouse.o
 .rodata        0x000000003002a7ed       0x47 font.o
 *fill*         0x000000003002a834        0x4 
 .rodata        0x000000003002a838     0x1d6d fs.o
 *fill*         0x000000003002c5a5        0x3 
 .rodata        0x000000003002c5a8      0x139 network.o
 *fill*         0x000000003002c6e1        0x7 
 .rodata        0x000000003002c6e8     0x12d9 socket.o
 *fill*         0x000000003002d9c1        0x7 
 .rodata        0x000000003002d9c8      0x12a pipe.o
 *fill*         0x000000003002daf2        0x6 
 .rodata        0x000000003002daf8      0x297 search.o
 *fill*         0x000000003002dd8f        0x1 
 .rodata        0x000000003002dd90      0x162 disk_r.o
 *fill*         0x000000003002def2        0x6 
 .rodata        0x000000003002def8      0x120 disk_w.o
 .rodata        0x000000003002e018      0x848 sys.o
 .rodata        0x000000003002e860      0x149 io.o
 .rodata        0x000000003002e9a9       0x87 ws.o
 .rodata        0x000000003002ea30       0x37 pixel.o
 .rodata        0x000000003002ea67       0x4b bg.o
 *fill*         0x000000003002eab2        0x6 
 .rodata        0x000000003002eab8       0x4f char.o
 .rodata        0x000000003002eb07       0x36 dtext.o
 .rodata        0x000000003002eb3d       0x11 line.o
 *fill*         0x000000003002eb4e        0x2 
 .rodata        0x000000003002eb50       0xae rect.o
 *fill*         0x000000003002ebfe        0x2 
 .rodata        0x000000003002ec00       0xd8 kgws.o
 .rodata        0x000000003002ecd8       0x2b kgwm.o
 .rodata        0x000000003002ed03       0x11 vt.o
 .rodata        0x000000003002ed14       0x11 desktop.o
 .rodata        0x000000003002ed25       0x11 room.o
 .rodata        0x000000003002ed36       0x11 usession.o
 *fill*         0x000000003002ed47        0x1 
 .rodata        0x000000003002ed48       0xf4 logon.o
 *fill*         0x000000003002ee3c        0x4 
 .rodata        0x000000003002ee40       0x55 logoff.o
 *fill*         0x000000003002ee95        0x3 
 .rodata        0x000000003002ee98      0x149 userenv.o
 *fill*         0x000000003002efe1        0x7 
 .rodata        0x000000003002efe8      0x2b7 ts.o
 *fill*         0x000000003002f29f        0x1 
 .rodata        0x000000003002f2a0      0x1f0 dispatch.o
 .rodata        0x000000003002f490       0x4e spawn.o
 *fill*         0x000000003002f4de        0x2 
 .rodata        0x000000003002f4e0      0x1a7 x64cont.o
 *fill*         0x000000003002f687        0x1 
 .rodata        0x000000003002f688      0x2c8 x64fault.o
 .rodata        0x000000003002f950      0x100 sched.o
 .rodata        0x000000003002fa50      0x263 schedi.o
 *fill*         0x000000003002fcb3        0x5 
 .rodata        0x000000003002fcb8      0xae0 process.o
 .rodata        0x0000000030030798      0x6a5 thread.o
 *fill*         0x0000000030030e3d        0x3 
 .rodata        0x0000000030030e40      0x380 threadi.o
 .rodata        0x00000000300311c0      0x264 create.o
 *fill*         0x0000000030031424        0x4 
 .rodata        0x0000000030031428      0x235 queue.o
 *fill*         0x000000003003165d        0x3 
 .rodata        0x0000000030031660       0x99 mk.o
 *fill*         0x00000000300316f9        0x7 
 .rodata        0x0000000030031700      0x37d memory.o
 *fill*         0x0000000030031a7d        0x3 
 .rodata        0x0000000030031a80      0x53b mminfo.o
 *fill*         0x0000000030031fbb        0x5 
 .rodata        0x0000000030031fc0      0x1c6 mmpool.o
 *fill*         0x0000000030032186        0x2 
 .rodata        0x0000000030032188      0x315 pages.o
 .rodata        0x000000003003249d       0x26 panic.o
 .rodata        0x00000000300324c3       0x11 reboot.o
 *fill*         0x00000000300324d4        0x4 
 .rodata        0x00000000300324d8      0x290 request.o
 .rodata        0x0000000030032768       0x11 sci.o
                0x0000000030033000                . = ALIGN (0x1000)
 *fill*         0x0000000030032779      0x887 
                0x0000000030033000                _rodata_end = .

.eh_frame       0x0000000030033000     0x5710
 .eh_frame      0x0000000030033000      0x118 main.o
 .eh_frame      0x0000000030033118       0x80 x64init.o
                                         0x98 (size before relaxing)
 .eh_frame      0x0000000030033198      0x468 kstdio.o
                                        0x480 (size before relaxing)
 .eh_frame      0x0000000030033600       0x80 stdlib.o
                                         0x98 (size before relaxing)
 .eh_frame      0x0000000030033680      0x268 string.o
                                        0x280 (size before relaxing)
 .eh_frame      0x00000000300338e8       0xa0 unistd.o
                                         0xb8 (size before relaxing)
 .eh_frame      0x0000000030033988       0x40 runtime.o
                                         0x58 (size before relaxing)
 .eh_frame      0x00000000300339c8      0x140 system.o
                                        0x158 (size before relaxing)
 .eh_frame      0x0000000030033b08       0x40 init.o
                                         0x58 (size before relaxing)
 .eh_frame      0x0000000030033b48       0xe8 debug.o
                                        0x100 (size before relaxing)
 .eh_frame      0x0000000030033c30       0x20 info.o
                                         0x38 (size before relaxing)
 .eh_frame      0x0000000030033c50      0x140 ports64.o
                                        0x158 (size before relaxing)
 .eh_frame      0x0000000030033d90      0x320 pit.o
                                        0x338 (size before relaxing)
 .eh_frame      0x00000000300340b0      0x128 rtc.o
                                        0x140 (size before relaxing)
 .eh_frame      0x00000000300341d8      0x1e8 x64.o
                                        0x200 (size before relaxing)
 .eh_frame      0x00000000300343c0       0x40 x64info.o
                                         0x58 (size before relaxing)
 .eh_frame      0x0000000030034400      0x160 hal.o
                                        0x178 (size before relaxing)
 .eh_frame      0x0000000030034560       0xd0 detect.o
                                         0xe8 (size before relaxing)
 .eh_frame      0x0000000030034630      0x228 pci.o
                                        0x240 (size before relaxing)
 .eh_frame      0x0000000030034858       0x40 pciinfo.o
                                         0x58 (size before relaxing)
 .eh_frame      0x0000000030034898       0x68 pciscan.o
                                         0x80 (size before relaxing)
 .eh_frame      0x0000000030034900       0xa8 devmgr.o
                                         0xc0 (size before relaxing)
 .eh_frame      0x00000000300349a8      0x488 console.o
                                        0x4a0 (size before relaxing)
 .eh_frame      0x0000000030034e30      0x1e8 tty.o
                                        0x200 (size before relaxing)
 .eh_frame      0x0000000030035018       0xc0 video.o
                                         0xd8 (size before relaxing)
 .eh_frame      0x00000000300350d8       0x40 vsync.o
                                         0x58 (size before relaxing)
 .eh_frame      0x0000000030035118       0xa8 screen.o
                                         0xc0 (size before relaxing)
 .eh_frame      0x00000000300351c0      0x1a8 serial.o
                                        0x1c0 (size before relaxing)
 .eh_frame      0x0000000030035368      0x148 storage.o
                                        0x160 (size before relaxing)
 .eh_frame      0x00000000300354b0      0x3e8 ata.o
                                        0x400 (size before relaxing)
 .eh_frame      0x0000000030035898       0x80 atadma.o
                                         0x98 (size before relaxing)
 .eh_frame      0x0000000030035918      0x140 atahdd.o
                                        0x158 (size before relaxing)
 .eh_frame      0x0000000030035a58       0x20 atainit.o
                                         0x38 (size before relaxing)
 .eh_frame      0x0000000030035a78      0x100 atairq.o
                                        0x118 (size before relaxing)
 .eh_frame      0x0000000030035b78       0x80 atapci.o
                                         0x98 (size before relaxing)
 .eh_frame      0x0000000030035bf8      0x160 i8042.o
                                        0x178 (size before relaxing)
 .eh_frame      0x0000000030035d58      0x1a0 ps2kbd.o
                                        0x1b8 (size before relaxing)
 .eh_frame      0x0000000030035ef8       0x20 ps2mouse.o
                                         0x38 (size before relaxing)
 .eh_frame      0x0000000030035f18       0x20 keyboard.o
                                         0x38 (size before relaxing)
 .eh_frame      0x0000000030035f38       0x20 mouse.o
                                         0x38 (size before relaxing)
 .eh_frame      0x0000000030035f58       0xe0 font.o
                                         0xf8 (size before relaxing)
 .eh_frame      0x0000000030036038      0x650 fs.o
                                        0x668 (size before relaxing)
 .eh_frame      0x0000000030036688       0xa0 network.o
                                         0xb8 (size before relaxing)
 .eh_frame      0x0000000030036728      0x320 socket.o
                                        0x338 (size before relaxing)
 .eh_frame      0x0000000030036a48       0xe0 pipe.o
                                         0xf8 (size before relaxing)
 .eh_frame      0x0000000030036b28       0xe0 search.o
                                         0xf8 (size before relaxing)
 .eh_frame      0x0000000030036c08       0xe0 disk_r.o
                                         0xf8 (size before relaxing)
 .eh_frame      0x0000000030036ce8       0x80 disk_w.o
                                         0x98 (size before relaxing)
 .eh_frame      0x0000000030036d68      0x200 sys.o
                                        0x218 (size before relaxing)
 .eh_frame      0x0000000030036f68       0x40 io.o
                                         0x58 (size before relaxing)
 .eh_frame      0x0000000030036fa8       0x60 ws.o
                                         0x78 (size before relaxing)
 .eh_frame      0x0000000030037008       0x20 pixel.o
                                         0x38 (size before relaxing)
 .eh_frame      0x0000000030037028       0x40 bg.o
                                         0x58 (size before relaxing)
 .eh_frame      0x0000000030037068       0xc8 char.o
                                         0xe0 (size before relaxing)
 .eh_frame      0x0000000030037130       0x60 dtext.o
                                         0x78 (size before relaxing)
 .eh_frame      0x0000000030037190       0x20 line.o
                                         0x38 (size before relaxing)
 .eh_frame      0x00000000300371b0       0xc0 rect.o
                                         0xd8 (size before relaxing)
 .eh_frame      0x0000000030037270       0xa0 kgws.o
                                         0xb8 (size before relaxing)
 .eh_frame      0x0000000030037310       0x20 kgwm.o
                                         0x38 (size before relaxing)
 .eh_frame      0x0000000030037330       0x20 logon.o
                                         0x38 (size before relaxing)
 .eh_frame      0x0000000030037350       0x40 logoff.o
                                         0x58 (size before relaxing)
 .eh_frame      0x0000000030037390       0xe0 userenv.o
                                         0xf8 (size before relaxing)
 .eh_frame      0x0000000030037470       0xe0 ts.o
                                         0xf8 (size before relaxing)
 .eh_frame      0x0000000030037550       0x40 dispatch.o
                                         0x58 (size before relaxing)
 .eh_frame      0x0000000030037590       0x40 spawn.o
                                         0x58 (size before relaxing)
 .eh_frame      0x00000000300375d0       0x60 x64cont.o
                                         0x78 (size before relaxing)
 .eh_frame      0x0000000030037630       0x20 x64fault.o
                                         0x38 (size before relaxing)
 .eh_frame      0x0000000030037650       0xa8 sched.o
                                         0xc0 (size before relaxing)
 .eh_frame      0x00000000300376f8      0x248 schedi.o
                                        0x260 (size before relaxing)
 .eh_frame      0x0000000030037940      0x348 process.o
                                        0x360 (size before relaxing)
 .eh_frame      0x0000000030037c88      0x250 thread.o
                                        0x268 (size before relaxing)
 .eh_frame      0x0000000030037ed8      0x168 threadi.o
                                        0x180 (size before relaxing)
 .eh_frame      0x0000000030038040       0x48 create.o
                                         0x60 (size before relaxing)
 .eh_frame      0x0000000030038088       0xf0 queue.o
                                        0x108 (size before relaxing)
 .eh_frame      0x0000000030038178       0x60 mk.o
                                         0x78 (size before relaxing)
 .eh_frame      0x00000000300381d8      0x120 memory.o
                                        0x138 (size before relaxing)
 .eh_frame      0x00000000300382f8       0xc0 mminfo.o
                                         0xd8 (size before relaxing)
 .eh_frame      0x00000000300383b8       0xe0 mmpool.o
                                         0xf8 (size before relaxing)
 .eh_frame      0x0000000030038498      0x1f0 pages.o
                                        0x208 (size before relaxing)
 .eh_frame      0x0000000030038688       0x28 panic.o
                                         0x40 (size before relaxing)
 .eh_frame      0x00000000300386b0       0x60 request.o
                                         0x78 (size before relaxing)

.rela.dyn       0x0000000030038710        0x0
 .rela.got      0x0000000030038710        0x0 head_64.o
 .rela.iplt     0x0000000030038710        0x0 head_64.o
 .rela.head_x86_64
                0x0000000030038710        0x0 head_64.o
 .rela.text     0x0000000030038710        0x0 head_64.o

.data           0x0000000030038720     0xc8e0
                0x0000000030038720                _data_begin = .
 *(.data)
 .data          0x0000000030038720        0x2 head_64.o
                0x0000000030038720                _data_start
 *fill*         0x0000000030038722       0x1e 
 .data          0x0000000030038740      0x1f0 main.o
 *fill*         0x0000000030038930       0x10 
 .data          0x0000000030038940      0x1f0 x64init.o
 *fill*         0x0000000030038b30       0x10 
 .data          0x0000000030038b40      0x1f0 ctype.o
 *fill*         0x0000000030038d30       0x10 
 .data          0x0000000030038d40      0x1f0 kstdio.o
 *fill*         0x0000000030038f30       0x10 
 .data          0x0000000030038f40      0x1f4 stdlib.o
 *fill*         0x0000000030039134        0xc 
 .data          0x0000000030039140      0x1f0 string.o
 *fill*         0x0000000030039330       0x10 
 .data          0x0000000030039340      0x1f0 unistd.o
 *fill*         0x0000000030039530       0x10 
 .data          0x0000000030039540      0x1f0 runtime.o
 *fill*         0x0000000030039730       0x10 
 .data          0x0000000030039740      0x1f0 system.o
 *fill*         0x0000000030039930       0x10 
 .data          0x0000000030039940      0x1f0 signal.o
 *fill*         0x0000000030039b30       0x10 
 .data          0x0000000030039b40      0x1f0 init.o
 *fill*         0x0000000030039d30       0x10 
 .data          0x0000000030039d40      0x1f0 debug.o
 *fill*         0x0000000030039f30       0x10 
 .data          0x0000000030039f40      0x1f0 info.o
 *fill*         0x000000003003a130       0x10 
 .data          0x000000003003a140      0x1f0 ports64.o
 *fill*         0x000000003003a330       0x10 
 .data          0x000000003003a340      0x1f0 pit.o
 *fill*         0x000000003003a530       0x10 
 .data          0x000000003003a540      0x1f0 rtc.o
 *fill*         0x000000003003a730       0x10 
 .data          0x000000003003a740      0x1f0 x64.o
 *fill*         0x000000003003a930       0x10 
 .data          0x000000003003a940      0x1f0 x64info.o
 *fill*         0x000000003003ab30       0x10 
 .data          0x000000003003ab40      0x1f0 hal.o
 *fill*         0x000000003003ad30       0x10 
 .data          0x000000003003ad40      0x1f0 detect.o
 *fill*         0x000000003003af30       0x10 
 .data          0x000000003003af40      0xaa8 pci.o
                0x000000003003b140                _pci_classes2
 *fill*         0x000000003003b9e8       0x18 
 .data          0x000000003003ba00      0x298 pciinfo.o
 *fill*         0x000000003003bc98        0x8 
 .data          0x000000003003bca0      0x1f0 pciscan.o
 *fill*         0x000000003003be90       0x10 
 .data          0x000000003003bea0      0x1f0 devmgr.o
 *fill*         0x000000003003c090       0x10 
 .data          0x000000003003c0a0      0x1f1 console.o
 *fill*         0x000000003003c291        0xf 
 .data          0x000000003003c2a0      0x1f0 tty.o
 *fill*         0x000000003003c490       0x10 
 .data          0x000000003003c4a0      0x1f0 video.o
 *fill*         0x000000003003c690       0x10 
 .data          0x000000003003c6a0      0x1f0 vsync.o
 *fill*         0x000000003003c890       0x10 
 .data          0x000000003003c8a0      0x1f0 screen.o
 *fill*         0x000000003003ca90       0x10 
 .data          0x000000003003caa0      0x1f0 serial.o
 *fill*         0x000000003003cc90       0x10 
 .data          0x000000003003cca0      0x1f0 storage.o
 *fill*         0x000000003003ce90       0x10 
 .data          0x000000003003cea0      0x1f0 ata.o
 *fill*         0x000000003003d090       0x10 
 .data          0x000000003003d0a0      0x1f0 atadma.o
 *fill*         0x000000003003d290       0x10 
 .data          0x000000003003d2a0      0x1f0 atahdd.o
 *fill*         0x000000003003d490       0x10 
 .data          0x000000003003d4a0      0x1f0 atainit.o
 *fill*         0x000000003003d690       0x10 
 .data          0x000000003003d6a0      0x1f0 atairq.o
 *fill*         0x000000003003d890       0x10 
 .data          0x000000003003d8a0      0xa00 atapci.o
                0x000000003003daa0                _pci_classes
 .data          0x000000003003e2a0      0x1f0 i8042.o
 *fill*         0x000000003003e490       0x10 
 .data          0x000000003003e4a0      0x1f0 ps2kbd.o
 *fill*         0x000000003003e690       0x10 
 .data          0x000000003003e6a0      0x1f0 ps2mouse.o
 *fill*         0x000000003003e890       0x10 
 .data          0x000000003003e8a0      0x1f0 keyboard.o
 *fill*         0x000000003003ea90       0x10 
 .data          0x000000003003eaa0      0x1f0 mouse.o
 *fill*         0x000000003003ec90       0x10 
 .data          0x000000003003eca0      0x1f0 font.o
 *fill*         0x000000003003ee90       0x10 
 .data          0x000000003003eea0      0x1f0 fs.o
 *fill*         0x000000003003f090       0x10 
 .data          0x000000003003f0a0      0x1f0 network.o
 *fill*         0x000000003003f290       0x10 
 .data          0x000000003003f2a0      0x1f0 socket.o
 *fill*         0x000000003003f490       0x10 
 .data          0x000000003003f4a0      0x1f4 pipe.o
                0x000000003003f690                _pipe_max_size
 *fill*         0x000000003003f694        0xc 
 .data          0x000000003003f6a0      0x1f0 search.o
 *fill*         0x000000003003f890       0x10 
 .data          0x000000003003f8a0      0x1f0 disk_r.o
 *fill*         0x000000003003fa90       0x10 
 .data          0x000000003003faa0      0x1f0 disk_w.o
 *fill*         0x000000003003fc90       0x10 
 .data          0x000000003003fca0      0x1f0 sys.o
 *fill*         0x000000003003fe90       0x10 
 .data          0x000000003003fea0      0x1f0 io.o
 *fill*         0x0000000030040090       0x10 
 .data          0x00000000300400a0      0x1f0 ws.o
 *fill*         0x0000000030040290       0x10 
 .data          0x00000000300402a0      0x1f0 pixel.o
 *fill*         0x0000000030040490       0x10 
 .data          0x00000000300404a0      0x1f0 bg.o
 *fill*         0x0000000030040690       0x10 
 .data          0x00000000300406a0      0x1f0 char.o
 *fill*         0x0000000030040890       0x10 
 .data          0x00000000300408a0      0x1f0 dtext.o
 *fill*         0x0000000030040a90       0x10 
 .data          0x0000000030040aa0      0x1f0 line.o
 *fill*         0x0000000030040c90       0x10 
 .data          0x0000000030040ca0      0x1f0 rect.o
 *fill*         0x0000000030040e90       0x10 
 .data          0x0000000030040ea0      0x1f4 kgws.o
 *fill*         0x0000000030041094        0xc 
 .data          0x00000000300410a0      0x1f0 kgwm.o
 *fill*         0x0000000030041290       0x10 
 .data          0x00000000300412a0      0x1f0 vt.o
 *fill*         0x0000000030041490       0x10 
 .data          0x00000000300414a0      0x1f0 desktop.o
 *fill*         0x0000000030041690       0x10 
 .data          0x00000000300416a0      0x1f0 room.o
 *fill*         0x0000000030041890       0x10 
 .data          0x00000000300418a0      0x1f0 usession.o
 *fill*         0x0000000030041a90       0x10 
 .data          0x0000000030041aa0      0x1f0 logon.o
 *fill*         0x0000000030041c90       0x10 
 .data          0x0000000030041ca0      0x1f0 logoff.o
 *fill*         0x0000000030041e90       0x10 
 .data          0x0000000030041ea0      0x1f0 userenv.o
 *fill*         0x0000000030042090       0x10 
 .data          0x00000000300420a0      0x1f0 ts.o
 *fill*         0x0000000030042290       0x10 
 .data          0x00000000300422a0      0x1f0 dispatch.o
 *fill*         0x0000000030042490       0x10 
 .data          0x00000000300424a0      0x1f0 spawn.o
 *fill*         0x0000000030042690       0x10 
 .data          0x00000000300426a0      0x1f0 x64cont.o
 *fill*         0x0000000030042890       0x10 
 .data          0x00000000300428a0      0x1f0 x64fault.o
 *fill*         0x0000000030042a90       0x10 
 .data          0x0000000030042aa0      0x1f0 sched.o
 *fill*         0x0000000030042c90       0x10 
 .data          0x0000000030042ca0      0x1f0 schedi.o
 *fill*         0x0000000030042e90       0x10 
 .data          0x0000000030042ea0      0x1f0 process.o
 *fill*         0x0000000030043090       0x10 
 .data          0x00000000300430a0      0x1f0 thread.o
 *fill*         0x0000000030043290       0x10 
 .data          0x00000000300432a0      0x1f0 threadi.o
 *fill*         0x0000000030043490       0x10 
 .data          0x00000000300434a0      0x1f0 create.o
 *fill*         0x0000000030043690       0x10 
 .data          0x00000000300436a0      0x1f0 queue.o
 *fill*         0x0000000030043890       0x10 
 .data          0x00000000300438a0      0x1f0 mk.o
 *fill*         0x0000000030043a90       0x10 
 .data          0x0000000030043aa0      0x1f0 memory.o
 *fill*         0x0000000030043c90       0x10 
 .data          0x0000000030043ca0      0x1f0 mminfo.o
 *fill*         0x0000000030043e90       0x10 
 .data          0x0000000030043ea0      0x1f0 mmpool.o
 *fill*         0x0000000030044090       0x10 
 .data          0x00000000300440a0      0x1f8 pages.o
                0x0000000030044290                _table_pointer_heap_base
 *fill*         0x0000000030044298        0x8 
 .data          0x00000000300442a0      0x1f0 panic.o
 *fill*         0x0000000030044490       0x10 
 .data          0x00000000300444a0      0x1f0 reboot.o
 *fill*         0x0000000030044690       0x10 
 .data          0x00000000300446a0      0x1f0 request.o
 *fill*         0x0000000030044890       0x10 
 .data          0x00000000300448a0      0x1f0 sci.o
                0x0000000030045000                . = ALIGN (0x1000)
 *fill*         0x0000000030044a90      0x570 
                0x0000000030045000                _data_end = .

.got            0x0000000030045000        0x0
 .got           0x0000000030045000        0x0 head_64.o

.got.plt        0x0000000030045000        0x0
 .got.plt       0x0000000030045000        0x0 head_64.o

.igot.plt       0x0000000030045000        0x0
 .igot.plt      0x0000000030045000        0x0 head_64.o

.bss            0x0000000030045000    0x76000
                0x0000000030045000                _bss_begin = .
 *(COMMON)
 COMMON         0x0000000030045000    0x3daa0 main.o
                0x0000000030045000                _SMALL_extraheap2_pa
                0x0000000030045008                _framepoolBackBuffer3
                0x0000000030045010                _MEDIUM_extraheap2_pa
                0x0000000030045018                _g_backbuffer_va
                0x0000000030045020                _shared_buffer_terminal_icon
                0x0000000030045028                _blSavedCylinders
                0x0000000030045030                _g_module_volume_initialized
                0x0000000030045038                _Graphics
                0x0000000030045040                _framepoolList
                0x0000000030047040                _dispatcherType
                0x0000000030047048                _pci_handler_address
                0x0000000030047050                _WindowServer_virtual_console
                0x0000000030047060                _PS2
                0x0000000030047074                _dummmmkdsfmsd
                0x0000000030047078                _PS2MouseDeviceTTY
                0x0000000030047080                ___gpidSecurityServer
                0x0000000030047088                _SMALL_pagedpool_pa
                0x0000000030047090                _g_profiler_ints_irq13
                0x0000000030047098                _g_frontbuffer_va
                0x00000000300470a0                _userconfig_Status
                0x00000000300470c0                _prompt
                0x00000000300471c0                _g_module_debug_initialized
                0x00000000300471e0                _threadList
                0x00000000300491e0                _active_process
                0x00000000300491e8                _pci_device
                0x0000000030049200                _Windows
                0x000000003004b200                _g_module_disk_initialized
                0x000000003004b204                ___packed
                0x000000003004b208                _current_runlevel
                0x000000003004b210                _search_path_dir_entries
                0x000000003004b218                _kernel_heap_end
                0x000000003004b220                ___gpidInclude
                0x000000003004b224                _g_currentvolume_fatbits
                0x000000003004b228                _scrolllock_status
                0x000000003004b230                _wait_queue
                0x000000003004b238                _windowzoneStart
                0x000000003004b240                _mm_used_extraheap1
                0x000000003004b248                _partition
                0x000000003004b250                _SavedBPP
                0x000000003004b258                _g_boottime_ide_channel
                0x000000003004b25c                ___gpidLogoff
                0x000000003004b260                _g9x14fontAddress
                0x000000003004b268                _framepoolBackBuffer2
                0x000000003004b270                _task_switch_status
                0x000000003004b278                _ata_record_dev
                0x000000003004b280                _systemzoneEnd
                0x000000003004b288                _g_is_qemu
                0x000000003004b290                _LocalHostHTTPSocket
                0x000000003004b298                _MEDIUM_user_pa
                0x000000003004b2a0                _SMALL_user_pa
                0x000000003004b2c0                _directory_facility_ProgramsDir
                0x000000003004b2e0                ___gpidSCI
                0x000000003004b2e8                _preempted_task
                0x000000003004b2f0                _ActiveWindow
                0x000000003004b2f8                _mouse_buttom_3
                0x000000003004b2fc                _current_screen
                0x000000003004b300                _capslock_status
                0x000000003004b320                _KernelArgs
                0x000000003004b340                _pcideviceList
                0x000000003004b740                _memorysizeAvailablePhysicalMemory
                0x000000003004b748                _PS2MouseDeviceObject
                0x000000003004b750                _fullscreen_window
                0x000000003004b754                _textcursorStatus
                0x000000003004b758                _pmiMemoryInfo
                0x000000003004b760                _mm_used_heappool
                0x000000003004b768                _current_volume_string
                0x000000003004b770                _mouse_button_action
                0x000000003004b774                _g_module_fs_initialized
                0x000000003004b778                _framepoolBackBuffer4
                0x000000003004b780                _g_driver_hdd_initialized
                0x000000003004b788                _g9x16fontAddress
                0x000000003004b790                _storage
                0x000000003004b798                _systemzoneStart
                0x000000003004b7a0                _running_tasks
                0x000000003004b7a8                _g_extraheap1_size
                0x000000003004b7b0                _g_device_screen_width
                0x000000003004b7b8                _InitThread
                0x000000003004b7c0                ___breaker_com2_initialized
                0x000000003004b7c4                _extra
                0x000000003004b7c8                _g_profiler_ints_irq2
                0x000000003004b7e0                _fsbFrames
                0x000000003004d7e0                _g_user_space_framepool_index
                0x000000003004d7f0                _Initialization
                0x000000003004d80c                _next_thread
                0x000000003004d810                _systemzoneSize
                0x000000003004d818                ___breaker_timer_initialized
                0x000000003004d81c                _zorderCounter
                0x000000003004d820                _mmFramesSuperBlockTotalUsed
                0x000000003004d828                _quantum
                0x000000003004d830                _stderr
                0x000000003004d838                _MEDIUM_heappool_pa
                0x000000003004d840                _tmpConductor
                0x000000003004d848                _g_logged
                0x000000003004d850                _RGBA
                0x000000003004d858                _____whatchdog_ps2_keyboard
                0x000000003004d85c                ___breaker_com3_initialized
                0x000000003004d860                _____IDLE
                0x000000003004d868                _gui
                0x000000003004d870                _CurrentUserSession
                0x000000003004d878                _g_device_screen_height
                0x000000003004d880                _g_mousepointer_height
                0x000000003004d888                _g_module_uem_initialized
                0x000000003004d88c                ___gpidInit
                0x000000003004d890                _fat_cache_loaded
                0x000000003004d898                _processor
                0x000000003004d8a0                ___gpidSysIO
                0x000000003004d8a4                _foreground_thread
                0x000000003004d8c0                _userList
                0x000000003004d940                _LARGE_cga_pa
                0x000000003004d948                _prompt_pos
                0x000000003004d950                _saved_mouse_x
                0x000000003004d958                _Conductor
                0x000000003004d960                _ide_handler_address
                0x000000003004d968                _MEDIUM_extraheap1_pa
                0x000000003004d970                _mbr
                0x000000003004d978                _current_mmblock
                0x000000003004d980                _deviceList
                0x000000003004e980                ___spinlock_ipc
                0x000000003004e988                _ASpace
                0x000000003004e990                _mmFramesSuperBlockSize
                0x000000003004e998                _g_driver_ps2keyboard_initialized
                0x000000003004e9a0                _kernel_stack_start
                0x000000003004e9c0                _xBootBlock
                0x000000003004e9e0                _Rtc
                0x000000003004e9e8                _blSavedDiskNumber
                0x000000003004e9f0                _mm_used_extraheap3
                0x000000003004e9f8                _start_new_task_address
                0x000000003004ea00                _g_module_gui_initialized
                0x000000003004ea08                _KeInitPhase
                0x000000003004ea10                _g_driver_ps2mouse_initialized
                0x000000003004ea14                _windows_count
                0x000000003004ea20                _pagetableList
                0x0000000030050a20                _combobox_window
                0x0000000030050a28                _framepoolBackBuffer1
                0x0000000030050a30                _g_driver_video_initialized
                0x0000000030050a34                _active_window
                0x0000000030050a40                _vtList
                0x0000000030050b40                _root
                0x0000000030050b48                _vfs
                0x0000000030050b50                _current_pci_device
                0x0000000030050b60                _directory_facility_EFIDir
                0x0000000030050b80                _g_show_text_cursor
                0x0000000030050b88                _Hardware
                0x0000000030050b90                _g_profiler_ints_irq10
                0x0000000030050ba0                _directory_facility_ubaseDir
                0x0000000030050bc0                _current_process
                0x0000000030050bc8                _SMALL_cga_pa
                0x0000000030050bd0                _current_desktop
                0x0000000030050bd8                _gKernelPML4Address
                0x0000000030050be0                _numlock_status
                0x0000000030050be8                _usession0
                0x0000000030050bf0                _g_extraheap2_size
                0x0000000030050bf8                _CurrentSocket
                0x0000000030050c00                _g_module_logoff_initialized
                0x0000000030050c08                _pagetableCurrent
                0x0000000030050c10                _____boot____disk
                0x0000000030050c18                _g8x14fontAddress
                0x0000000030050c20                ___gpidWindowManager
                0x0000000030050c28                _g_profiler_ints_irq1
                0x0000000030050c30                _kstdio_standard_streams_initialized
                0x0000000030050c38                _g_profiler_ints_irq7
                0x0000000030050c40                _stdin
                0x0000000030050c48                _g_frontbuffer_pa
                0x0000000030050c50                _old_mouse_buttom_1
                0x0000000030050c58                _mmFramesSuperBlockTotalFree
                0x0000000030050c60                _CONSOLE_TTYS
                0x00000000300517a0                _gcharWidth
                0x00000000300517a8                _savedmouseoverwindowY
                0x00000000300517c0                _socketList
                0x00000000300518c0                ___breaker_com1_initialized
                0x00000000300518c4                _g_module_logon_initialized
                0x00000000300518c8                _CurrentTTYBUFFER
                0x00000000300518e0                _CWD
                0x0000000030051908                _next_address
                0x0000000030051910                _____whatchdog_ps2_mouse
                0x0000000030051914                _dispatcherQueueIndex
                0x0000000030051918                _kernel_heap_start
                0x0000000030051920                _directory_facility_RootDir
                0x0000000030051940                _g_profiler_ints_irq11
                0x0000000030051948                _g8x16fontAddress
                0x0000000030051950                _g_current_object
                0x0000000030051958                _PrideColorScheme
                0x0000000030051960                _CurrentTSS
                0x0000000030051968                _current_room
                0x0000000030051970                _mac_address
                0x0000000030051978                _queue
                0x0000000030051980                _UPProcessorBlock